// Jest Snapshot v1, https://goo.gl/fbAQLP

exports[`<BookList /> should renders BookList component 1`] = `ShallowWrapper {}`;
