// Jest Snapshot v1, https://goo.gl/fbAQLP

exports[`#List molecule should hold a table 1`] = `ShallowWrapper {}`;
