// Jest Snapshot v1, https://goo.gl/fbAQLP

exports[`<CharacterList /> should renders CharacterList component 1`] = `ShallowWrapper {}`;
