// Jest Snapshot v1, https://goo.gl/fbAQLP

exports[`<Paginate /> should renders Paginate component 1`] = `ShallowWrapper {}`;
